// Jest Snapshot v1, https://goo.gl/fbAQLP

exports[`This is validated 1`] = `<mdc />`;
